{
    "USDC(0x0000000000000000000000000000000000068cDa)": {
        "redirectForToken": {
            "name():string": {
                "abi": {
                    "__calldata": null,
                    "__expect": "0x0000000000000000000000000000000000000000000000000000000000000020000000000000000000000000000000000000000000000000000000000000000855534420436f696e000000000000000000000000000000000000000000000000",
                    "__decoded": "USD Coin"
                },
                "call": {
                    "__calldata": "0x618dc65e0000000000000000000000000000000000000000000000000000000000068cda0000000000000000000000000000000000000000000000000000000000000040000000000000000000000000000000000000000000000000000000000000000406fdde0300000000000000000000000000000000000000000000000000000000",
                    "__expect": "0x0000000000000000000000000000000000000000000000000000000000000020000000000000000000000000000000000000000000000000000000000000000855534420436f696e000000000000000000000000000000000000000000000000",
                    "__decoded": "USD Coin"
                },
                "proxy": {
                    "__calldata": "0x618dc65e0000000000000000000000000000000000068cDa06fdde03",
                    "__expect": "0x0000000000000000000000000000000000000000000000000000000000000020000000000000000000000000000000000000000000000000000000000000000855534420436f696e000000000000000000000000000000000000000000000000",
                    "__decoded": "USD Coin"
                }
            },
            "totalSupply():uint256": {
                "abi": {
                    "__calldata": null,
                    "__expect": "0x000000000000000000000000000000000000000000000000002386f2700d4b40",
                    "__decoded": {
                        "$bigint": "10000000005000000"
                    }
                },
                "call": {
                    "__calldata": "0x618dc65e0000000000000000000000000000000000000000000000000000000000068cda0000000000000000000000000000000000000000000000000000000000000040000000000000000000000000000000000000000000000000000000000000000418160ddd00000000000000000000000000000000000000000000000000000000",
                    "__expect": "0x000000000000000000000000000000000000000000000000002386f2700d4b40",
                    "__decoded": {
                        "$bigint": "10000000005000000"
                    }
                },
                "proxy": {
                    "__calldata": "0x618dc65e0000000000000000000000000000000000068cDa18160ddd",
                    "__expect": "0x000000000000000000000000000000000000000000000000002386f2700d4b40",
                    "__decoded": {
                        "$bigint": "10000000005000000"
                    }
                }
            },
            "balanceOf(address):uint256": {
                "abi": {
                    "__calldata": null,
                    "__expect": "0x0000000000000000000000000000000000000000000000000000000000000000",
                    "__decoded": {
                        "$bigint": "0"
                    }
                },
                "call": {
                    "__calldata": "0x618dc65e0000000000000000000000000000000000000000000000000000000000068cda0000000000000000000000000000000000000000000000000000000000000040000000000000000000000000000000000000000000000000000000000000002470a08231000000000000000000000000000000000000000000000000000000000000016700000000000000000000000000000000000000000000000000000000",
                    "__expect": "0x0000000000000000000000000000000000000000000000000000000000000000",
                    "__decoded": {
                        "$bigint": "0"
                    }
                },
                "proxy": {
                    "__calldata": "0x618dc65e0000000000000000000000000000000000068cDa70a082310000000000000000000000000000000000000000000000000000000000000167",
                    "__expect": "0x0000000000000000000000000000000000000000000000000000000000000000",
                    "__decoded": {
                        "$bigint": "0"
                    }
                }
            }
        }
    },
    "No-Token(0xdA743Ce0Eb7cC541093F030A3126bF9e3d427E93)": {
        "redirectForToken": {
            "totalSupply():uint256": {
                "abi": {
                    "__calldata": null,
                    "__expect": "0x0000000000000000000000000000000000000000000000000000000000000000",
                    "__decoded": {
                        "$bigint": "0"
                    }
                },
                "call": {
                    "__calldata": "0x618dc65e000000000000000000000000da743ce0eb7cc541093f030a3126bf9e3d427e930000000000000000000000000000000000000000000000000000000000000040000000000000000000000000000000000000000000000000000000000000000418160ddd00000000000000000000000000000000000000000000000000000000",
                    "__expect": "0x0000000000000000000000000000000000000000000000000000000000000000",
                    "__decoded": {
                        "$bigint": "0"
                    }
                },
                "proxy": {
                    "__calldata": "0x618dc65edA743Ce0Eb7cC541093F030A3126bF9e3d427E9318160ddd",
                    "__expect": "0x0000000000000000000000000000000000000000000000000000000000000000",
                    "__decoded": {
                        "$bigint": "0"
                    }
                }
            }
        }
    }
}